// Jest Snapshot v1, https://goo.gl/fbAQLP

exports[`BasicButton render correctly 1`] = `
<button
  class="basic-button aqa-basic-button"
>
  
  
</button>
`;
