// Jest Snapshot v1, https://goo.gl/fbAQLP

exports[`ImageItem render correctly 1`] = `
<div
  class="img-item"
>
  <img
    alt=""
    class="img"
    src=""
  />
</div>
`;
