// Jest Snapshot v1, https://goo.gl/fbAQLP

exports[`InputField render correctly 1`] = `
<input
  class="input-field aqa-input-field"
  type="text"
/>
`;

exports[`InputField when enter text, input update 1`] = `
<input
  class="input-field aqa-input-field"
  type="text"
/>
`;
