// Jest Snapshot v1, https://goo.gl/fbAQLP

exports[`Rating render correctly 1`] = `
<h2
  class="rating"
>
  7
</h2>
`;
