// Jest Snapshot v1, https://goo.gl/fbAQLP

exports[`ShortInfo render correctly 1`] = ``;
